// Jest Snapshot v1, https://goo.gl/fbAQLP

exports[`Register renders for user 1`] = `
"<div className=\\"register-form\\" onKeyPress={[Function (anonymous)]}>
  <h1>
    Register
  </h1>
  <Form tag=\\"form\\">
    <FormGroup tag=\\"div\\">
      <Label tag=\\"label\\" widths={{...}}>
        Username
      </Label>
      <Input type=\\"username\\" name=\\"username\\" id=\\"username\\" onChange={[Function (anonymous)]} invalid={false} />
      <FormFeedback tag=\\"div\\" valid={[undefined]}>
        Username must not be empty
      </FormFeedback>
    </FormGroup>
    <FormGroup tag=\\"div\\">
      <Label tag=\\"label\\" widths={{...}}>
        Password
      </Label>
      <Input type=\\"password\\" name=\\"password\\" id=\\"password\\" onChange={[Function (anonymous)]} invalid={false} />
      <FormFeedback tag=\\"div\\" valid={[undefined]}>
        Password must not be empty
      </FormFeedback>
    </FormGroup>
  </Form>
  <div />
  <div className=\\"btn-container\\">
    <button className=\\"button-secondary\\" onClick={[Function (anonymous)]}>
      <span>
        Register
      </span>
    </button>
    <button className=\\"button-secondary\\" onClick={[Function: onClick]}>
      Back
    </button>
  </div>
</div>"
`;
