// Jest Snapshot v1, https://goo.gl/fbAQLP

exports[`App renders page without crashing 1`] = `
"<BrowserRouter>
  <div className=\\"App\\">
    <Route path=\\"/\\" render={[Function: render]} />
    <Switch>
      <Route path=\\"/\\" exact={true} render={[Function: render]} />
      <Route path=\\"/signin\\" render={[Function: render]} />
      <Route path=\\"/register\\" render={[Function: render]} />
      <Route path=\\"/recipe/:id\\" render={[Function: render]} />
      <Route path=\\"/search\\" render={[Function: render]} />
    </Switch>
  </div>
</BrowserRouter>"
`;
